              Comecei com um monte de CaracteresEmBranco
